python : C:\Users\Rahil\Downloads\poly\scripts\backtest\data_loader.py:177: FutureWarning: The default 
fill_method='ffill' in SeriesGroupBy.pct_change is deprecated and will be removed in a future version. Either fill in 
any non-leading NA values prior to calling pct_change or specify 'fill_method=None' to not fill NA values.
At C:\Users\Rahil\AppData\Local\Temp\ps-script-0589543a-dc47-4320-af32-e453792928d3.ps1:85 char:35
+ ... loads\poly; python scripts/backtest/test_fair_value_model.py --min-co ...
+                 ~~~~~~~~~~~~~~~~~~~~~~~~~~~~~~~~~~~~~~~~~~~~~~~~~~~~~~~~~
    + CategoryInfo          : NotSpecified: (C:\Users\Rahil\...fill NA values.:String) [], RemoteException
    + FullyQualifiedErrorId : NativeCommandError
 
  df['cl_return_bps'] = df.groupby('market_id')['cl_mid'].pct_change() * 10000
======================================================================
FAIR VALUE MODEL VALIDATION
======================================================================

1. Loading data...
Loaded 36 ETH markets with >= 90.0% coverage
Total observations: 32,400
   Loaded 36 markets, 32,400 observations

2. Creating train/test split...
Train: 25 markets (22,500 obs)
Test: 11 markets (9,900 obs)

3. Comparing models (Binned vs Logistic)...
Traceback (most recent call last):
  File "C:\Users\Rahil\Downloads\poly\scripts\backtest\test_fair_value_model.py", line 638, in <module>
    results = run_full_validation(
              ^^^^^^^^^^^^^^^^^^^^
  File "C:\Users\Rahil\Downloads\poly\scripts\backtest\test_fair_value_model.py", line 510, in run_full_validation
    comparison_results = compare_models(train_df, test_df)
                         ^^^^^^^^^^^^^^^^^^^^^^^^^^^^^^^^^
  File "C:\Users\Rahil\Downloads\poly\scripts\backtest\test_fair_value_model.py", line 311, in compare_models
    'test_brier_binned': binned_results['test']['brier_score'],
                         ~~~~~~~~~~~~~~^^^^^^^^
KeyError: 'test'
